// Jest Snapshot v1, https://goo.gl/fbAQLP

exports[`RodapeComponent deveria renderizar o conteudo baseado nas propriedades src e alt 1`] = `
RodapeComponent {
  "__ngContext__": 4,
  "alt": "Imagem de teste",
  "src": "http://example.com/test-imagem.jpg",
}
`;
